// Jest Snapshot v1, https://goo.gl/fbAQLP

exports[`Benefits screen Benefits OTP 1`] = `
<View
  style={
    Object {
      "backgroundColor": "#FFFFFF",
      "flex": 1,
    }
  }
>
  <Text
    style={
      Array [
        Object {
          "color": "#2B342C",
          "fontFamily": "SofiaPro-Medium",
          "fontSize": 24,
          "fontWeight": "600",
          "marginLeft": 14,
          "marginTop": 173.42000000000002,
        },
      ]
    }
  >
    [missing "en.ABOUT_APP.APP_TITLE" translation]
  </Text>
  <Text
    style={
      Array [
        Object {
          "color": "#8D8C91",
          "fontFamily": "Futura",
          "fontSize": 18,
          "fontWeight": "500",
          "marginLeft": 14,
          "marginTop": 53.36,
        },
      ]
    }
  >
    [missing "en.ABOUT_APP.INSTALL_DATE" translation]
  </Text>
  <Text
    accessibilityLabel="appBuild"
    style={
      Array [
        Object {
          "color": "#8D8C91",
          "fontFamily": "Futura",
          "fontSize": 18,
          "fontWeight": "500",
          "marginLeft": 14,
          "marginTop": 53.36,
        },
      ]
    }
    testID="appBuild"
  >
    [missing "en.ABOUT_APP.VERSION" translation]1.1.22
  </Text>
</View>
`;
