// Jest Snapshot v1, https://goo.gl/fbAQLP

exports[`Benefits screen Benefits OTP 1`] = `
<View
  style={
    Object {
      "flex": 1,
    }
  }
>
  <View>
    <View
      style={
        Object {
          "height": 1334,
        }
      }
    >
      <View
        style={
          Object {
            "alignItems": "center",
            "height": "100%",
            "width": 750,
          }
        }
      >
        <Text
          style={
            Array [
              Object {
                "fontFamily": "SofiaProRegular",
                "fontSize": 24,
                "marginTop": 360.18,
                "textAlign": "center",
              },
            ]
          }
        >
          [missing "en.BENEFIT_SCREEN_STRINGS.BENEFIT_FIRST_TITLE" translation]
        </Text>
        <Text
          style={
            Array [
              Object {
                "alignSelf": "center",
                "color": "#8D8C91",
                "fontFamily": "SofiaProRegular",
                "fontSize": 18,
                "marginTop": 16,
                "textAlign": "center",
                "width": 288,
              },
            ]
          }
        >
          [missing "en.BENEFIT_SCREEN_STRINGS.BENEFIT_FIRST_SUBTITLE" translation]
        </Text>
        <View
          style={
            Array [
              Object {
                "overflow": "hidden",
              },
              Object {
                "alignSelf": "center",
                "height": 120,
                "marginTop": 626.98,
                "position": "absolute",
                "width": 120,
              },
            ]
          }
        >
          <FastImageView
            resizeMode="cover"
            source={
              Object {
                "cache": "immutable",
                "uri": undefined,
              }
            }
            style={
              Object {
                "bottom": 0,
                "left": 0,
                "position": "absolute",
                "right": 0,
                "top": 0,
              }
            }
          />
        </View>
      </View>
    </View>
    <View
      style={
        Object {
          "height": 1334,
        }
      }
    >
      <View
        style={
          Object {
            "alignItems": "center",
            "height": "100%",
            "width": 750,
          }
        }
      >
        <Text
          style={
            Array [
              Object {
                "fontFamily": "SofiaProRegular",
                "fontSize": 24,
                "marginTop": 360.18,
                "textAlign": "center",
              },
            ]
          }
        >
          [missing "en.BENEFIT_SCREEN_STRINGS.BENEFIT_SECOND_TITLE" translation]
        </Text>
        <Text
          style={
            Array [
              Object {
                "alignSelf": "center",
                "color": "#8D8C91",
                "fontFamily": "SofiaProRegular",
                "fontSize": 18,
                "marginTop": 16,
                "textAlign": "center",
                "width": 288,
              },
            ]
          }
        >
          [missing "en.BENEFIT_SCREEN_STRINGS.BENEFIT_SECOND_SUBTITLE" translation]
        </Text>
        <View
          style={
            Array [
              Object {
                "overflow": "hidden",
              },
              Object {
                "alignSelf": "center",
                "height": 120,
                "marginTop": 626.98,
                "position": "absolute",
                "width": 120,
              },
            ]
          }
        >
          <FastImageView
            resizeMode="cover"
            source={
              Object {
                "cache": "immutable",
                "uri": undefined,
              }
            }
            style={
              Object {
                "bottom": 0,
                "left": 0,
                "position": "absolute",
                "right": 0,
                "top": 0,
              }
            }
          />
        </View>
      </View>
    </View>
  </View>
  <View
    style={
      Object {
        "alignSelf": "center",
        "bottom": 145.406,
        "height": 116,
        "justifyContent": "space-between",
        "position": "absolute",
        "width": 722,
      }
    }
  >
    <View
      style={
        Array [
          Object {
            "alignItems": "center",
            "borderRadius": 4,
            "height": 52,
            "justifyContent": "center",
            "shadowColor": "#DDDDDD",
            "shadowOffset": Object {
              "height": 8,
              "width": 0,
            },
            "shadowOpacity": 0.75,
            "shadowRadius": 4,
          },
          Object {
            "backgroundColor": "#565655",
          },
        ]
      }
    >
      <View
        accessibilityLabel="ContinueToNextBenefit"
        accessible={true}
        focusable={true}
        onClick={[Function]}
        onResponderGrant={[Function]}
        onResponderMove={[Function]}
        onResponderRelease={[Function]}
        onResponderTerminate={[Function]}
        onResponderTerminationRequest={[Function]}
        onStartShouldSetResponder={[Function]}
        style={
          Object {
            "alignItems": "center",
            "backgroundColor": undefined,
            "borderRadius": 4,
            "height": "100%",
            "justifyContent": "center",
            "opacity": 1,
            "width": 718,
          }
        }
        testID="ContinueToNextBenefit"
      >
        <Text
          numberOfLines={1}
          style={
            Array [
              Object {
                "fontFamily": "SofiaProRegular",
                "fontSize": 17,
                "textAlign": "center",
              },
              Object {
                "color": "#FFFFFF",
              },
            ]
          }
        >
          Continue
        </Text>
      </View>
    </View>
    <View
      style={
        Array [
          Object {
            "alignItems": "center",
            "borderRadius": 4,
            "height": 52,
            "justifyContent": "center",
            "shadowColor": "#DDDDDD",
            "shadowOffset": Object {
              "height": 8,
              "width": 0,
            },
            "shadowOpacity": 0.75,
            "shadowRadius": 4,
          },
          Object {
            "backgroundColor": "#FFFFFF",
            "marginTop": 16,
          },
        ]
      }
    >
      <View
        accessibilityLabel="GotoSignInFromBenefits"
        accessible={true}
        focusable={true}
        onClick={[Function]}
        onResponderGrant={[Function]}
        onResponderMove={[Function]}
        onResponderRelease={[Function]}
        onResponderTerminate={[Function]}
        onResponderTerminationRequest={[Function]}
        onStartShouldSetResponder={[Function]}
        style={
          Object {
            "alignItems": "center",
            "backgroundColor": undefined,
            "borderRadius": 4,
            "height": "100%",
            "justifyContent": "center",
            "opacity": 1,
            "width": 718,
          }
        }
        testID="GotoSignInFromBenefits"
      >
        <Text
          numberOfLines={1}
          style={
            Array [
              Object {
                "fontFamily": "SofiaProRegular",
                "fontSize": 17,
                "textAlign": "center",
              },
              Object {
                "color": "#2B342C",
              },
            ]
          }
        >
          Sign In
        </Text>
      </View>
    </View>
  </View>
</View>
`;
