// Jest Snapshot v1, https://goo.gl/fbAQLP

exports[`ForgotPassword screen Snapshot ForgotPassword 1`] = `
<View
  style={
    Object {
      "alignItems": "center",
      "backgroundColor": "#F7F7F7",
      "flex": 1,
    }
  }
>
  <View
    onLayout={[Function]}
  >
    <View
      style={
        Object {
          "alignItems": "center",
        }
      }
    >
      <View
        style={
          Object {
            "alignItems": "center",
            "flexDirection": "row",
            "marginTop": 302.818,
            "width": "auto",
          }
        }
      >
        <View
          style={
            Array [
              Object {
                "overflow": "hidden",
              },
              undefined,
            ]
          }
        >
          <FastImageView
            resizeMode="cover"
            source={
              Object {
                "cache": "immutable",
                "uri": undefined,
              }
            }
            style={
              Object {
                "bottom": 0,
                "left": 0,
                "position": "absolute",
                "right": 0,
                "top": 0,
              }
            }
          />
        </View>
      </View>
      <View
        style={
          Object {
            "height": "auto",
            "marginTop": 68,
            "width": 726,
          }
        }
      >
        <Text
          style={
            Array [
              Object {
                "color": "#2B342C",
                "fontFamily": "SofiaProRegular",
                "fontSize": 12,
                "height": 16,
                "marginTop": 16,
              },
            ]
          }
        >
          Email
        </Text>
        <View
          style={
            Array [
              Object {
                "height": "auto",
                "width": 724,
              },
              undefined,
            ]
          }
        >
          <View
            style={
              Array [
                Object {
                  "alignItems": "center",
                  "backgroundColor": "#FFFFFF",
                  "borderRadius": 4,
                  "height": 48,
                  "justifyContent": "center",
                  "marginTop": 4,
                  "width": "100%",
                },
                undefined,
                null,
              ]
            }
          >
            <TextInput
              accessibilityLabel="ForgottenPasswordEmailField"
              accessible={true}
              allowFontScaling={true}
              autoCapitalize="none"
              blurOnSubmit={true}
              editable={true}
              keyboardType="email-address"
              numberOfLines={1}
              onChangeText={[Function]}
              onSubmitEditing={[Function]}
              placeholder="Email"
              placeholderTextColor="#8D8C91"
              rejectResponderTermination={true}
              style={
                Array [
                  Object {
                    "color": "#2B342C",
                    "fontSize": 18,
                    "fontWeight": "500",
                    "lineHeight": 20,
                    "paddingLeft": 19,
                    "paddingRight": 19,
                    "width": "100%",
                  },
                  Object {},
                ]
              }
              testID="ForgottenPasswordEmailField"
              underlineColorAndroid="transparent"
              value=""
            />
          </View>
        </View>
      </View>
    </View>
  </View>
  <View
    style={
      Object {
        "bottom": 160.07999999999998,
        "height": "auto",
        "position": "absolute",
        "width": 722,
      }
    }
  >
    <View
      style={
        Array [
          Object {
            "alignItems": "center",
            "borderRadius": 4,
            "height": 52,
            "justifyContent": "center",
            "shadowColor": "#DDDDDD",
            "shadowOffset": Object {
              "height": 8,
              "width": 0,
            },
            "shadowOpacity": 0.75,
            "shadowRadius": 4,
          },
          Object {
            "backgroundColor": "#565655",
          },
        ]
      }
    >
      <View
        accessibilityLabel="SendLinkToEmailToResetPassword"
        accessible={true}
        focusable={true}
        onClick={[Function]}
        onResponderGrant={[Function]}
        onResponderMove={[Function]}
        onResponderRelease={[Function]}
        onResponderTerminate={[Function]}
        onResponderTerminationRequest={[Function]}
        onStartShouldSetResponder={[Function]}
        style={
          Object {
            "alignItems": "center",
            "backgroundColor": undefined,
            "borderRadius": 4,
            "height": "100%",
            "justifyContent": "center",
            "opacity": 1,
            "width": 718,
          }
        }
        testID="SendLinkToEmailToResetPassword"
      >
        <Text
          numberOfLines={1}
          style={
            Array [
              Object {
                "fontFamily": "SofiaProRegular",
                "fontSize": 17,
                "textAlign": "center",
              },
              Object {
                "color": "#FFFFFF",
              },
            ]
          }
        >
          Send
        </Text>
      </View>
    </View>
  </View>
</View>
`;
