// Jest Snapshot v1, https://goo.gl/fbAQLP

exports[`OTP screen Snapshot OTP 1`] = `
<View
  style={
    Object {
      "alignItems": "center",
      "backgroundColor": "#F7F7F7",
      "flex": 1,
    }
  }
>
  <View
    onLayout={[Function]}
    style={
      Object {
        "flex": 1,
      }
    }
  >
    <View
      accessible={true}
      focusable={true}
      onClick={[Function]}
      onResponderGrant={[Function]}
      onResponderMove={[Function]}
      onResponderRelease={[Function]}
      onResponderTerminate={[Function]}
      onResponderTerminationRequest={[Function]}
      onStartShouldSetResponder={[Function]}
      style={
        Object {
          "flex": 1,
        }
      }
    >
      <View
        style={
          Object {
            "justifyContent": "space-around",
            "width": 724,
          }
        }
      >
        <Text
          style={
            Array [
              Object {
                "color": "#8D8C91",
                "fontFamily": "SofiaPro-Medium",
                "fontSize": 16,
                "marginTop": 160.07999999999998,
              },
            ]
          }
        >
          3/7
        </Text>
        <Text
          style={
            Array [
              Object {
                "color": "#2B342C",
                "fontFamily": "SofiaPro-Medium",
                "fontSize": 24,
                "fontWeight": "600",
                "width": 324,
              },
            ]
          }
        >
          [missing "en.STRINGS.OTP_HEADING" translation]
        </Text>
        <View
          style={
            Object {
              "flexDirection": "row",
              "height": "auto",
              "justifyContent": "space-between",
              "marginTop": 68,
              "width": 722,
            }
          }
        >
          <View
            style={
              Array [
                Object {
                  "alignItems": "center",
                  "height": 50,
                  "justifyContent": "center",
                  "marginTop": 4,
                  "width": "100%",
                },
              ]
            }
          >
            <View
              testID="OTPInputView"
            >
              <View
                accessible={true}
                focusable={true}
                onClick={[Function]}
                onResponderGrant={[Function]}
                onResponderMove={[Function]}
                onResponderRelease={[Function]}
                onResponderTerminate={[Function]}
                onResponderTerminationRequest={[Function]}
                onStartShouldSetResponder={[Function]}
                style={
                  Object {
                    "alignItems": "center",
                    "flexDirection": "row",
                    "height": "100%",
                    "justifyContent": "space-between",
                    "width": "100%",
                  }
                }
              >
                <View
                  pointerEvents="none"
                  testID="inputSlotView"
                >
                  <TextInput
                    accessibilityLabel="textInput"
                    accessible={true}
                    allowFontScaling={true}
                    editable={true}
                    keyboardAppearance="default"
                    keyboardType="number-pad"
                    onChangeText={[Function]}
                    onKeyPress={[Function]}
                    placeholder=""
                    placeholderTextColor="rgba(226, 226, 226, 1)"
                    rejectResponderTermination={true}
                    secureTextEntry={false}
                    selectionColor="#02BF8E"
                    style={
                      Array [
                        Array [
                          Object {
                            "backgroundColor": "#FFFFFF",
                            "borderRadius": 4,
                            "color": "#2B342C",
                            "fontFamily": "SofiaProRegular",
                            "fontSize": 24,
                            "height": 48,
                            "marginLeft": 8,
                            "textAlign": "center",
                            "width": 48,
                          },
                        ],
                      ]
                    }
                    testID="textInput"
                    textContentType="none"
                    underlineColorAndroid="rgba(0,0,0,0)"
                  />
                </View>
                <View
                  pointerEvents="none"
                  testID="inputSlotView"
                >
                  <TextInput
                    accessibilityLabel="textInput"
                    accessible={true}
                    allowFontScaling={true}
                    editable={true}
                    keyboardAppearance="default"
                    keyboardType="number-pad"
                    onChangeText={[Function]}
                    onKeyPress={[Function]}
                    placeholder=""
                    placeholderTextColor="rgba(226, 226, 226, 1)"
                    rejectResponderTermination={true}
                    secureTextEntry={false}
                    selectionColor="#02BF8E"
                    style={
                      Array [
                        Array [
                          Object {
                            "backgroundColor": "#FFFFFF",
                            "borderRadius": 4,
                            "color": "#2B342C",
                            "fontFamily": "SofiaProRegular",
                            "fontSize": 24,
                            "height": 48,
                            "marginLeft": 8,
                            "textAlign": "center",
                            "width": 48,
                          },
                        ],
                      ]
                    }
                    testID="textInput"
                    textContentType="none"
                    underlineColorAndroid="rgba(0,0,0,0)"
                  />
                </View>
                <View
                  pointerEvents="none"
                  testID="inputSlotView"
                >
                  <TextInput
                    accessibilityLabel="textInput"
                    accessible={true}
                    allowFontScaling={true}
                    editable={true}
                    keyboardAppearance="default"
                    keyboardType="number-pad"
                    onChangeText={[Function]}
                    onKeyPress={[Function]}
                    placeholder=""
                    placeholderTextColor="rgba(226, 226, 226, 1)"
                    rejectResponderTermination={true}
                    secureTextEntry={false}
                    selectionColor="#02BF8E"
                    style={
                      Array [
                        Array [
                          Object {
                            "backgroundColor": "#FFFFFF",
                            "borderRadius": 4,
                            "color": "#2B342C",
                            "fontFamily": "SofiaProRegular",
                            "fontSize": 24,
                            "height": 48,
                            "marginLeft": 8,
                            "textAlign": "center",
                            "width": 48,
                          },
                        ],
                      ]
                    }
                    testID="textInput"
                    textContentType="none"
                    underlineColorAndroid="rgba(0,0,0,0)"
                  />
                </View>
                <View
                  pointerEvents="none"
                  testID="inputSlotView"
                >
                  <TextInput
                    accessibilityLabel="textInput"
                    accessible={true}
                    allowFontScaling={true}
                    editable={true}
                    keyboardAppearance="default"
                    keyboardType="number-pad"
                    onChangeText={[Function]}
                    onKeyPress={[Function]}
                    placeholder=""
                    placeholderTextColor="rgba(226, 226, 226, 1)"
                    rejectResponderTermination={true}
                    secureTextEntry={false}
                    selectionColor="#02BF8E"
                    style={
                      Array [
                        Array [
                          Object {
                            "backgroundColor": "#FFFFFF",
                            "borderRadius": 4,
                            "color": "#2B342C",
                            "fontFamily": "SofiaProRegular",
                            "fontSize": 24,
                            "height": 48,
                            "marginLeft": 8,
                            "textAlign": "center",
                            "width": 48,
                          },
                        ],
                      ]
                    }
                    testID="textInput"
                    textContentType="none"
                    underlineColorAndroid="rgba(0,0,0,0)"
                  />
                </View>
                <View
                  pointerEvents="none"
                  testID="inputSlotView"
                >
                  <TextInput
                    accessibilityLabel="textInput"
                    accessible={true}
                    allowFontScaling={true}
                    editable={true}
                    keyboardAppearance="default"
                    keyboardType="number-pad"
                    onChangeText={[Function]}
                    onKeyPress={[Function]}
                    placeholder=""
                    placeholderTextColor="rgba(226, 226, 226, 1)"
                    rejectResponderTermination={true}
                    secureTextEntry={false}
                    selectionColor="#02BF8E"
                    style={
                      Array [
                        Array [
                          Object {
                            "backgroundColor": "#FFFFFF",
                            "borderRadius": 4,
                            "color": "#2B342C",
                            "fontFamily": "SofiaProRegular",
                            "fontSize": 24,
                            "height": 48,
                            "marginLeft": 8,
                            "textAlign": "center",
                            "width": 48,
                          },
                        ],
                      ]
                    }
                    testID="textInput"
                    textContentType="none"
                    underlineColorAndroid="rgba(0,0,0,0)"
                  />
                </View>
                <View
                  pointerEvents="none"
                  testID="inputSlotView"
                >
                  <TextInput
                    accessibilityLabel="textInput"
                    accessible={true}
                    allowFontScaling={true}
                    editable={true}
                    keyboardAppearance="default"
                    keyboardType="number-pad"
                    onChangeText={[Function]}
                    onKeyPress={[Function]}
                    placeholder=""
                    placeholderTextColor="rgba(226, 226, 226, 1)"
                    rejectResponderTermination={true}
                    secureTextEntry={false}
                    selectionColor="#02BF8E"
                    style={
                      Array [
                        Array [
                          Object {
                            "backgroundColor": "#FFFFFF",
                            "borderRadius": 4,
                            "color": "#2B342C",
                            "fontFamily": "SofiaProRegular",
                            "fontSize": 24,
                            "height": 48,
                            "marginLeft": 8,
                            "textAlign": "center",
                            "width": 48,
                          },
                        ],
                      ]
                    }
                    testID="textInput"
                    textContentType="none"
                    underlineColorAndroid="rgba(0,0,0,0)"
                  />
                </View>
              </View>
            </View>
          </View>
        </View>
      </View>
    </View>
  </View>
  <View
    style={
      Array [
        Object {
          "alignItems": "center",
          "borderRadius": 4,
          "height": 52,
          "justifyContent": "center",
          "shadowColor": "#DDDDDD",
          "shadowOffset": Object {
            "height": 8,
            "width": 0,
          },
          "shadowOpacity": 0.75,
          "shadowRadius": 4,
        },
        Object {
          "backgroundColor": "#565655",
          "bottom": 158.74599999999998,
          "marginTop": 58,
          "position": "absolute",
        },
      ]
    }
  >
    <View
      accessibilityLabel="Continue"
      accessible={true}
      focusable={true}
      onClick={[Function]}
      onResponderGrant={[Function]}
      onResponderMove={[Function]}
      onResponderRelease={[Function]}
      onResponderTerminate={[Function]}
      onResponderTerminationRequest={[Function]}
      onStartShouldSetResponder={[Function]}
      style={
        Object {
          "alignItems": "center",
          "backgroundColor": "#565655",
          "borderRadius": 4,
          "height": "100%",
          "justifyContent": "center",
          "opacity": 1,
          "width": 718,
        }
      }
      testID="Continue"
    >
      <Text
        numberOfLines={1}
        style={
          Array [
            Object {
              "fontFamily": "SofiaProRegular",
              "fontSize": 17,
              "textAlign": "center",
            },
            Object {
              "color": "#FFFFFF",
            },
          ]
        }
      >
        [missing "en.LOGIN_SCREEN_STRINGS.CONTINUE_LABEL" translation]
      </Text>
    </View>
  </View>
</View>
`;
