// Jest Snapshot v1, https://goo.gl/fbAQLP

exports[`PersonalDetails screen Snapshot PersonalDetails 1`] = `
<View
  style={
    Object {
      "alignItems": "center",
      "backgroundColor": "#F7F7F7",
      "flex": 1,
    }
  }
>
  <View
    onLayout={[Function]}
    style={
      Object {
        "flex": 1,
      }
    }
  >
    <RCTScrollView
      alwaysBounceVertical={false}
      bounces={false}
      showsVerticalScrollIndicator={false}
    >
      <View>
        <View
          style={
            Object {
              "justifyContent": "space-around",
              "width": 724,
            }
          }
        >
          <Text
            style={
              Array [
                Object {
                  "color": "#8D8C91",
                  "fontFamily": "SofiaPro-Medium",
                  "fontSize": 16,
                  "marginTop": 160.07999999999998,
                },
              ]
            }
          >
            [missing "en.PERSONAL_DETAILS_SCREEN_STRINGS.SCREEN_NUMBER" translation]
          </Text>
          <Text
            style={
              Array [
                Object {
                  "color": "#2B342C",
                  "fontFamily": "SofiaPro-Medium",
                  "fontSize": 24,
                  "fontWeight": "600",
                },
              ]
            }
          >
            [missing "en.PERSONAL_DETAILS_SCREEN_STRINGS.PERSONAL_DETAILS_LABEL" translation]
          </Text>
          <View
            style={
              Object {
                "height": "auto",
                "marginTop": 24,
                "width": 724,
              }
            }
          >
            <Text
              style={
                Array [
                  Object {
                    "color": "#2B342C",
                    "fontFamily": "SofiaProRegular",
                    "fontSize": 12,
                    "height": 16,
                    "marginTop": 16,
                  },
                ]
              }
            >
              [missing "en.PERSONAL_DETAILS_SCREEN_STRINGS.TITLE_LABEL" translation]*
            </Text>
            <View
              style={
                Array [
                  Object {
                    "alignItems": "center",
                    "backgroundColor": "#FFFFFF",
                    "borderRadius": 4,
                    "flexDirection": "row",
                    "height": 48,
                    "marginTop": 4,
                  },
                  undefined,
                  null,
                ]
              }
            >
              <View />
              <Image
                source={
                  Object {
                    "ReactComponent": [Function],
                  }
                }
                style={
                  Object {
                    "height": 9,
                    "position": "absolute",
                    "right": 18,
                    "width": 18,
                  }
                }
              />
            </View>
            <Text
              style={
                Array [
                  Object {
                    "color": "#2B342C",
                    "fontFamily": "SofiaProRegular",
                    "fontSize": 12,
                    "height": 16,
                    "marginTop": 16,
                  },
                ]
              }
            >
              [missing "en.PERSONAL_DETAILS_SCREEN_STRINGS.FIRSTNAME_LABEL" translation]*
            </Text>
            <View
              style={
                Array [
                  Object {
                    "height": "auto",
                    "width": 724,
                  },
                  undefined,
                ]
              }
            >
              <View
                style={
                  Array [
                    Object {
                      "alignItems": "center",
                      "backgroundColor": "#FFFFFF",
                      "borderRadius": 4,
                      "height": 48,
                      "justifyContent": "center",
                      "marginTop": 4,
                      "width": "100%",
                    },
                    undefined,
                    null,
                  ]
                }
              >
                <TextInput
                  accessibilityLabel="FirstName"
                  accessible={true}
                  allowFontScaling={true}
                  autoCapitalize="words"
                  blurOnSubmit={false}
                  numberOfLines={1}
                  onChangeText={[Function]}
                  onSubmitEditing={[Function]}
                  placeholder="[missing \\"en.PERSONAL_DETAILS_SCREEN_STRINGS.FIRSTNAME_LABEL\\" translation]"
                  placeholderTextColor="#8D8C91"
                  rejectResponderTermination={true}
                  returnKeyType="next"
                  style={
                    Array [
                      Object {
                        "color": "#2B342C",
                        "fontSize": 18,
                        "fontWeight": "500",
                        "lineHeight": 20,
                        "paddingLeft": 19,
                        "paddingRight": 19,
                        "width": "100%",
                      },
                      Object {},
                    ]
                  }
                  testID="FirstName"
                  underlineColorAndroid="transparent"
                  value=""
                />
              </View>
            </View>
            <Text
              style={
                Array [
                  Object {
                    "color": "#2B342C",
                    "fontFamily": "SofiaProRegular",
                    "fontSize": 12,
                    "height": 16,
                    "marginTop": 16,
                  },
                ]
              }
            >
              [missing "en.PERSONAL_DETAILS_SCREEN_STRINGS.MIDDLENAME_LABEL" translation]
            </Text>
            <View
              style={
                Array [
                  Object {
                    "height": "auto",
                    "width": 724,
                  },
                  undefined,
                ]
              }
            >
              <View
                style={
                  Array [
                    Object {
                      "alignItems": "center",
                      "backgroundColor": "#FFFFFF",
                      "borderRadius": 4,
                      "height": 48,
                      "justifyContent": "center",
                      "marginTop": 4,
                      "width": "100%",
                    },
                    undefined,
                    null,
                  ]
                }
              >
                <TextInput
                  accessibilityLabel="MiddleName"
                  accessible={true}
                  allowFontScaling={true}
                  autoCapitalize="words"
                  blurOnSubmit={false}
                  numberOfLines={1}
                  onChangeText={[Function]}
                  onSubmitEditing={[Function]}
                  placeholder="[missing \\"en.PERSONAL_DETAILS_SCREEN_STRINGS.MIDDLENAME_LABEL\\" translation]"
                  placeholderTextColor="#8D8C91"
                  rejectResponderTermination={true}
                  returnKeyType="next"
                  style={
                    Array [
                      Object {
                        "color": "#2B342C",
                        "fontSize": 18,
                        "fontWeight": "500",
                        "lineHeight": 20,
                        "paddingLeft": 19,
                        "paddingRight": 19,
                        "width": "100%",
                      },
                      Object {},
                    ]
                  }
                  testID="MiddleName"
                  underlineColorAndroid="transparent"
                  value=""
                />
              </View>
            </View>
            <Text
              style={
                Array [
                  Object {
                    "color": "#2B342C",
                    "fontFamily": "SofiaProRegular",
                    "fontSize": 12,
                    "height": 16,
                    "marginTop": 16,
                  },
                ]
              }
            >
              [missing "en.PERSONAL_DETAILS_SCREEN_STRINGS.LASTNAME_LABEL" translation]*
            </Text>
            <View
              style={
                Array [
                  Object {
                    "height": "auto",
                    "width": 724,
                  },
                  undefined,
                ]
              }
            >
              <View
                style={
                  Array [
                    Object {
                      "alignItems": "center",
                      "backgroundColor": "#FFFFFF",
                      "borderRadius": 4,
                      "height": 48,
                      "justifyContent": "center",
                      "marginTop": 4,
                      "width": "100%",
                    },
                    undefined,
                    null,
                  ]
                }
              >
                <TextInput
                  accessibilityLabel="LastName"
                  accessible={true}
                  allowFontScaling={true}
                  autoCapitalize="words"
                  blurOnSubmit={true}
                  numberOfLines={1}
                  onChangeText={[Function]}
                  placeholder="[missing \\"en.PERSONAL_DETAILS_SCREEN_STRINGS.LASTNAME_LABEL\\" translation]"
                  placeholderTextColor="#8D8C91"
                  rejectResponderTermination={true}
                  returnKeyType="done"
                  style={
                    Array [
                      Object {
                        "color": "#2B342C",
                        "fontSize": 18,
                        "fontWeight": "500",
                        "lineHeight": 20,
                        "paddingLeft": 19,
                        "paddingRight": 19,
                        "width": "100%",
                      },
                      Object {},
                    ]
                  }
                  testID="LastName"
                  underlineColorAndroid="transparent"
                  value=""
                />
              </View>
            </View>
          </View>
        </View>
        <View
          style={
            Object {
              "height": 118,
              "justifyContent": "space-between",
              "marginTop": 217.442,
              "width": 722,
            }
          }
        >
          <View
            style={
              Array [
                Object {
                  "alignItems": "center",
                  "borderRadius": 4,
                  "height": 52,
                  "justifyContent": "center",
                  "shadowColor": "#DDDDDD",
                  "shadowOffset": Object {
                    "height": 8,
                    "width": 0,
                  },
                  "shadowOpacity": 0.75,
                  "shadowRadius": 4,
                },
                Object {
                  "backgroundColor": "#565655",
                },
              ]
            }
          >
            <View
              accessibilityLabel="ContinueToContactDetails"
              accessible={true}
              focusable={true}
              onClick={[Function]}
              onResponderGrant={[Function]}
              onResponderMove={[Function]}
              onResponderRelease={[Function]}
              onResponderTerminate={[Function]}
              onResponderTerminationRequest={[Function]}
              onStartShouldSetResponder={[Function]}
              style={
                Object {
                  "alignItems": "center",
                  "backgroundColor": "#565655",
                  "borderRadius": 4,
                  "height": "100%",
                  "justifyContent": "center",
                  "opacity": 1,
                  "width": 718,
                }
              }
              testID="ContinueToContactDetails"
            >
              <Text
                numberOfLines={1}
                style={
                  Array [
                    Object {
                      "fontFamily": "SofiaProRegular",
                      "fontSize": 17,
                      "textAlign": "center",
                    },
                    Object {
                      "color": "#FFFFFF",
                    },
                  ]
                }
              >
                [missing "en.LOGIN_SCREEN_STRINGS.CONTINUE_LABEL" translation]
              </Text>
            </View>
          </View>
        </View>
      </View>
    </RCTScrollView>
  </View>
</View>
`;
