// Jest Snapshot v1, https://goo.gl/fbAQLP

exports[`Snapshot screen Snapshot Sign 1`] = `
<View
  style={
    Object {
      "alignItems": "center",
      "backgroundColor": "#F7F7F7",
      "flex": 1,
    }
  }
>
  <View
    onLayout={[Function]}
    style={
      Object {
        "height": 880.52,
      }
    }
  >
    <View
      style={
        Object {
          "alignItems": "center",
        }
      }
    >
      <View
        style={
          Object {
            "alignItems": "center",
            "flexDirection": "row",
            "marginTop": 253.46,
            "width": "auto",
          }
        }
      >
        <View
          style={
            Array [
              Object {
                "overflow": "hidden",
              },
              Object {
                "height": 225,
                "width": 750,
              },
            ]
          }
        >
          <FastImageView
            resizeMode="center"
            source={
              Object {
                "cache": "immutable",
                "uri": undefined,
              }
            }
            style={
              Object {
                "bottom": 0,
                "left": 0,
                "position": "absolute",
                "right": 0,
                "top": 0,
              }
            }
          />
        </View>
      </View>
      <View
        style={
          Object {
            "height": "auto",
            "marginTop": 44,
            "width": 726,
          }
        }
      >
        <Text
          style={
            Array [
              Object {
                "color": "#2B342C",
                "fontFamily": "SofiaProRegular",
                "fontSize": 12,
                "height": 16,
                "marginTop": 16,
              },
            ]
          }
        >
          [missing "en.CONTACT_DETAILS_SCREEN_STRINGS.EMAIL_LABEL" translation]
        </Text>
        <View
          style={
            Array [
              Object {
                "height": "auto",
                "width": 724,
              },
              undefined,
            ]
          }
        >
          <View
            style={
              Array [
                Object {
                  "alignItems": "center",
                  "backgroundColor": "#FFFFFF",
                  "borderRadius": 4,
                  "height": 48,
                  "justifyContent": "center",
                  "marginTop": 4,
                  "width": "100%",
                },
                undefined,
                null,
              ]
            }
          >
            <TextInput
              accessibilityLabel="Email@1"
              accessible={true}
              allowFontScaling={true}
              autoCapitalize="none"
              blurOnSubmit={false}
              keyboardType="email-address"
              numberOfLines={1}
              onChangeText={[Function]}
              onSubmitEditing={[Function]}
              placeholder="[missing \\"en.CONTACT_DETAILS_SCREEN_STRINGS.EMAIL_LABEL\\" translation]"
              placeholderTextColor="#8D8C91"
              rejectResponderTermination={true}
              returnKeyType="next"
              style={
                Array [
                  Object {
                    "color": "#2B342C",
                    "fontSize": 18,
                    "fontWeight": "500",
                    "lineHeight": 20,
                    "paddingLeft": 19,
                    "paddingRight": 19,
                    "width": "100%",
                  },
                  Object {},
                ]
              }
              underlineColorAndroid="transparent"
            />
          </View>
        </View>
        <Text
          style={
            Array [
              Object {
                "color": "#2B342C",
                "fontFamily": "SofiaProRegular",
                "fontSize": 12,
                "height": 16,
                "marginTop": 16,
              },
            ]
          }
        >
          [missing "en.LOGIN_SCREEN_STRINGS.PASSWORD_LABEL" translation]
        </Text>
        <View
          style={
            Array [
              Object {
                "height": "auto",
                "width": 724,
              },
              undefined,
            ]
          }
        >
          <View
            style={
              Array [
                Object {
                  "alignItems": "center",
                  "backgroundColor": "#FFFFFF",
                  "borderRadius": 4,
                  "height": 48,
                  "justifyContent": "center",
                  "marginTop": 4,
                  "width": "100%",
                },
                undefined,
                Object {
                  "flexDirection": "row",
                },
                null,
              ]
            }
          >
            <TextInput
              accessibilityLabel="Password@1"
              allowFontScaling={true}
              blurOnSubmit={false}
              editable={true}
              onChangeText={[Function]}
              onSubmitEditing={[Function]}
              placeholder="[missing \\"en.LOGIN_SCREEN_STRINGS.PASSWORD_LABEL\\" translation]"
              placeholderTextColor="#8D8C91"
              rejectResponderTermination={true}
              returnKeyType="done"
              secureTextEntry={true}
              style={
                Array [
                  Object {
                    "color": "#2B342C",
                    "fontSize": 18,
                    "fontWeight": "500",
                    "lineHeight": 20,
                    "paddingLeft": 19,
                    "paddingRight": 19,
                    "width": "100%",
                  },
                  Object {
                    "marginLeft": 0,
                    "width": "90%",
                  },
                ]
              }
              underlineColorAndroid="transparent"
            />
            <View
              accessibilityLabel="Eye"
              accessible={true}
              focusable={true}
              onClick={[Function]}
              onResponderGrant={[Function]}
              onResponderMove={[Function]}
              onResponderRelease={[Function]}
              onResponderTerminate={[Function]}
              onResponderTerminationRequest={[Function]}
              onStartShouldSetResponder={[Function]}
              style={
                Object {
                  "opacity": 1,
                }
              }
              testID="Eye"
            >
              <View
                style={
                  Array [
                    Object {
                      "overflow": "hidden",
                    },
                    Object {
                      "height": 25,
                      "marginRight": 18,
                      "width": 25,
                    },
                  ]
                }
              >
                <FastImageView
                  resizeMode="cover"
                  source={
                    Object {
                      "cache": "immutable",
                      "uri": undefined,
                    }
                  }
                  style={
                    Object {
                      "bottom": 0,
                      "left": 0,
                      "position": "absolute",
                      "right": 0,
                      "top": 0,
                    }
                  }
                />
              </View>
            </View>
          </View>
        </View>
        <Text
          accessibilityLabel="PasswordForgotten"
          onPress={[Function]}
          style={
            Array [
              Object {
                "alignSelf": "flex-end",
                "color": "#2B342C",
                "fontFamily": "SofiaPro-Medium",
                "fontSize": 12,
                "marginRight": 8,
                "marginTop": 8,
                "textDecorationLine": "underline",
              },
            ]
          }
        >
          [missing "en.LOGIN_SCREEN_STRINGS.PASSWORD_FORGOTTEN" translation]
        </Text>
      </View>
    </View>
  </View>
  <View
    style={
      Object {
        "bottom": 160.07999999999998,
        "height": 124,
        "position": "absolute",
        "width": 722,
      }
    }
  >
    <View
      style={
        Array [
          Object {
            "alignItems": "center",
            "borderRadius": 4,
            "height": 52,
            "justifyContent": "center",
            "shadowColor": "#DDDDDD",
            "shadowOffset": Object {
              "height": 8,
              "width": 0,
            },
            "shadowOpacity": 0.75,
            "shadowRadius": 4,
          },
          Object {
            "backgroundColor": "#565655",
          },
        ]
      }
    >
      <View
        accessibilityLabel="Continue@1"
        accessible={true}
        focusable={true}
        onClick={[Function]}
        onResponderGrant={[Function]}
        onResponderMove={[Function]}
        onResponderRelease={[Function]}
        onResponderTerminate={[Function]}
        onResponderTerminationRequest={[Function]}
        onStartShouldSetResponder={[Function]}
        style={
          Object {
            "alignItems": "center",
            "backgroundColor": undefined,
            "borderRadius": 4,
            "height": "100%",
            "justifyContent": "center",
            "opacity": 1,
            "width": 718,
          }
        }
      >
        <Text
          numberOfLines={1}
          style={
            Array [
              Object {
                "fontFamily": "SofiaProRegular",
                "fontSize": 17,
                "textAlign": "center",
              },
              Object {
                "color": "#FFFFFF",
              },
            ]
          }
        >
          [missing "en.LOGIN_SCREEN_STRINGS.CONTINUE_LABEL" translation]
        </Text>
      </View>
    </View>
    <View
      style={
        Array [
          Object {
            "alignItems": "center",
            "borderRadius": 4,
            "height": 52,
            "justifyContent": "center",
            "shadowColor": "#DDDDDD",
            "shadowOffset": Object {
              "height": 8,
              "width": 0,
            },
            "shadowOpacity": 0.75,
            "shadowRadius": 4,
          },
          Object {
            "backgroundColor": "#FFFFFF",
            "marginTop": 16,
          },
        ]
      }
    >
      <View
        accessibilityLabel="ContinueToBenefits"
        accessible={true}
        focusable={true}
        onClick={[Function]}
        onResponderGrant={[Function]}
        onResponderMove={[Function]}
        onResponderRelease={[Function]}
        onResponderTerminate={[Function]}
        onResponderTerminationRequest={[Function]}
        onStartShouldSetResponder={[Function]}
        style={
          Object {
            "alignItems": "center",
            "backgroundColor": "#FFFFFF",
            "borderRadius": 4,
            "height": "100%",
            "justifyContent": "center",
            "opacity": 1,
            "width": 718,
          }
        }
      >
        <Text
          numberOfLines={1}
          style={
            Array [
              Object {
                "fontFamily": "SofiaProRegular",
                "fontSize": 17,
                "textAlign": "center",
              },
              Object {
                "color": "#2B342C",
              },
            ]
          }
        >
          [missing "en.LOGIN_SCREEN_STRINGS.CREATE_ACCOUNT_LABEL" translation]
        </Text>
      </View>
    </View>
  </View>
</View>
`;
